[2025.11.17-07.21.21:432][  0]Log file open, 11/17/25 15:21:21
[2025.11.17-07.21.21:432][  0]LogMemory: Platform Memory Stats for WindowsServer
[2025.11.17-07.21.21:432][  0]LogMemory: Process Physical Memory: 306.58 MB used, 326.74 MB peak
[2025.11.17-07.21.21:432][  0]LogMemory: Process Virtual Memory: 316.60 MB used, 316.60 MB peak
[2025.11.17-07.21.21:432][  0]LogMemory: Physical Memory: 45436.32 MB used,  52548.21 MB free, 97984.53 MB total
[2025.11.17-07.21.21:432][  0]LogMemory: Virtual Memory: 56951.31 MB used,  41241.11 MB free, 98192.42 MB total
[2025.11.17-07.21.21:811][  0]11

[2025.11.17-07.21.21:821][  0]ARK Version: 74.45
[2025.11.17-07.21.22:109][  0]LogCFCore: SetSettings called:
{
	"defaultLanguage": "en",
	"gameId": 83374,
	"apiKey": "*****1aZe",
	"provider": "None",
	"maxConcurrentInstallations": 3,
	"modsDirectory": "ShooterGame/Mods",
	"modsDirectoryMode": "CFCore",
	"userDataDirectory": "ShooterGame/ModsUserData",
	"isServer": true,
	"isServerPcOnly": false,
	"throttling":
	{
		"diskWriteBytesPerSec": 0
	},
	"premiumMods":
	{
		"publicKeyPem": "*****"
	},
	"logger":
	{
		"enabled": true,
		"history": 8,
		"maxSizeInMB": 2
	},
	"dynamicContentCategoryIds": [ 6844 ],
	"analytics":
	{
		"performanceAndStability": true,
		"userEngagement": true
	},
	"ignoredDynamicModFiles": [
		"assetregistry.bin"
	],
	"unmanagedMods":
	{
		"enabled": false
	}
}
[2025.11.17-07.21.22:109][  0]LogCFCore: InternalSettings called:
{
	"apiBaseUrl": "https://83374.api.curseforge.com",
	"chunkedUploadServerUrl": "https://chunk-uploads.curseforge.com",
	"analyticsUrl": "https://analyticsnew.overwolf.com/analytics/Counter",
	"userAgent": "cfcore.ue 1.30.0",
	"platform": "windows",
	"pluginVersion": "1.30.0",
	"httpFileDownloadTimeoutSecs": 1200
}
[2025.11.17-07.21.22:109][  0]LogCFCore: Detected OS Windows: 10.0.26200.1.256.64bit
[2025.11.17-07.21.22:110][  0]LogCFCore: Error: No machine id was found
[2025.11.17-07.21.22:110][  0]LogCFCore: UserContextInfo not loaded from disk
[2025.11.17-07.21.22:960][ 24]LogCFCore: No need to update existing mod: Awesome  Spyglass! (947033)
[2025.11.17-07.21.22:960][ 24]LogCFCore: No need to update existing mod: Awesome Teleporters! (950914)
[2025.11.17-07.21.22:960][ 24]LogCFCore: No need to update existing mod: Automated Ark (928597)
[2025.11.17-07.21.22:960][ 24]LogCFCore: No need to update existing mod: Super Cryo Storage (933099)
[2025.11.17-07.21.22:960][ 24]LogCFCore: No need to update existing mod: Easy Transferable Element (994715)
[2025.11.17-07.21.22:960][ 24]LogCFCore: Mod valid: Awesome  Spyglass! (947033)
[2025.11.17-07.21.22:960][ 24]LogCFCore: Mod valid: Awesome Teleporters! (950914)
[2025.11.17-07.21.22:960][ 24]LogCFCore: Mod valid: Automated Ark (928597)
[2025.11.17-07.21.22:960][ 24]LogCFCore: Mod valid: Super Cryo Storage (933099)
[2025.11.17-07.21.22:960][ 24]LogCFCore: Mod valid: Easy Transferable Element (994715)
[2025.11.17-07.21.23:003][ 25]UShooterEngine::LoadGameMods with 5 mods
[2025.11.17-07.21.23:003][ 25]UShooterEngine::LoadGameMods Loading Mod ShooterGame/Mods/83374/947033_6950581/AwesomeSpyglass/Content/PrimalGameData_BP_AwesomeSpyglass.uasset : 947033
[2025.11.17-07.21.23:608][ 25]UShooterEngine::LoadGameMods Using mod asset Package /AwesomeSpyglass/PrimalGameData_BP_AwesomeSpyglass as PrimalGameDataOverride.
[2025.11.17-07.21.23:609][ 25]UShooterEngine::LoadGameMods Loading Mod ShooterGame/Mods/83374/950914_6897266/AwesomeTeleporters/Content/PrimalGameData_BP_AwesomeTeleporters.uasset : 950914
[2025.11.17-07.21.23:700][ 25]UShooterEngine::LoadGameMods Merging mod asset Package /AwesomeTeleporters/PrimalGameData_BP_AwesomeTeleporters with PrimalGameDataOverride.
[2025.11.17-07.21.23:700][ 25]UShooterEngine::LoadGameMods Loading Mod ShooterGame/Mods/83374/928597_6748525/AutomatedArkAscended/Content/PrimalGameData_BP_ArkAuto.uasset : 928597
[2025.11.17-07.21.23:968][ 25]UShooterEngine::LoadGameMods Merging mod asset Package /AutomatedArkAscended/PrimalGameData_BP_ArkAuto with PrimalGameDataOverride.
[2025.11.17-07.21.23:968][ 25]UShooterEngine::LoadGameMods Loading Mod ShooterGame/Mods/83374/933099_7207560/SCS/Content/PrimalGameData_BP_SCS.uasset : 933099
[2025.11.17-07.21.24:407][ 25]UShooterEngine::LoadGameMods Merging mod asset Package /SCS/PrimalGameData_BP_SCS with PrimalGameDataOverride.
[2025.11.17-07.21.24:407][ 25]UShooterEngine::LoadGameMods Loading Mod ShooterGame/Mods/83374/994715_6567254/EasyTransferableElement/Content/PrimalGameData_BP_EasyTransferableElement.uasset : 994715
[2025.11.17-07.21.24:432][ 25]UShooterEngine::LoadGameMods Merging mod asset Package /EasyTransferableElement/PrimalGameData_BP_EasyTransferableElement with PrimalGameDataOverride.
[2025.11.17-07.21.24:432][ 25]Initialize Primal Game Data Override.
[2025.11.17-07.21.24:434][ 25]Added Explorer Note Entry: DEARJANE_EXP_NOTE_1
[2025.11.17-07.21.24:434][ 25]Added Explorer Note Entry: DEARJANE_EXP_NOTE_2
[2025.11.17-07.21.24:434][ 25]Added Explorer Note Entry: DEARJANE_EXP_NOTE_3
[2025.11.17-07.21.24:434][ 25]Added Explorer Note Entry: DEARJANE_EXP_NOTE_4
[2025.11.17-07.21.24:434][ 25]Added Explorer Note Entry: DEARJANE_EXP_NOTE_5
[2025.11.17-07.21.24:434][ 25]Added Explorer Note Entry: DEARJANE_EXP_NOTE_6
[2025.11.17-07.21.24:434][ 25]Added Explorer Note Entry: DEARJANE_EXP_NOTE_7
[2025.11.17-07.21.24:453][ 25]Primal Game Data Took 0.02 seconds
[2025.11.17-07.21.24:455][ 25]Added Explorer Note Entry: DEARJANE_EXP_NOTE_1
[2025.11.17-07.21.24:455][ 25]Added Explorer Note Entry: DEARJANE_EXP_NOTE_2
[2025.11.17-07.21.24:455][ 25]Added Explorer Note Entry: DEARJANE_EXP_NOTE_3
[2025.11.17-07.21.24:455][ 25]Added Explorer Note Entry: DEARJANE_EXP_NOTE_4
[2025.11.17-07.21.24:455][ 25]Added Explorer Note Entry: DEARJANE_EXP_NOTE_5
[2025.11.17-07.21.24:455][ 25]Added Explorer Note Entry: DEARJANE_EXP_NOTE_6
[2025.11.17-07.21.24:455][ 25]Added Explorer Note Entry: DEARJANE_EXP_NOTE_7
[2025.11.17-07.21.25:015][ 25]Attempted GC & Defrag: Start: 0.86 GB End: 0.84 GB 0.02 GB Free'd, Duration: 0.012602 seconds
[2025.11.17-07.21.25:015][ 25]Server: "喵喵喵-灭绝-搜1227" has successfully started!
[2025.11.17-07.21.25:017][ 25]Initializing Steam Subsystem for server validation.
[2025.11.17-07.21.25:017][ 25]Steam Subsystem initialized: Success
[2025.11.17-07.21.25:018][ 25]CreateASAClustersFolderMutex: CreateMutexW succeeded on mutex "ASAClusterMutex_mmmark". This process OPENED the mutex.
[2025.11.17-07.21.32:067][ 25]Attempted GC & Defrag: Start: 3.25 GB End: 3.18 GB 0.07 GB Free'd, Duration: 0.058744 seconds
[2025.11.17-07.21.32:067][ 25]Commandline:  Extinction_WP?listen?SessionName="喵喵喵-灭绝-搜1227"?ServerPassword=?RCONEnabled=True?ServerAdminPassword="Nxw12270509"?AltSaveDirectoryName=meijue -NoBattlEye -crossplay -NoHangDetection -OldConsole -nosteamclient -serverkey=灭绝 -WinLiveMaxPlayers=30 -Port=7001 -QueryPort=6001 -RCONPort=5001 -game -server -log -mods=947033,950914,928597,933099,994715 -ClusterDirOverride=D:\golang\asa-server\clusters\mmmark -ClusterId=mmmark
[2025.11.17-07.21.32:067][ 25]Full Startup: 11.36 seconds
[2025.11.17-07.21.32:067][ 25]Number of cores 16
[2025.11.17-07.21.34:665][ 26]SCS: Loading CCA
[2025.11.17-07.21.35:843][ 26]SCS: Loaded SCS Container Data
[2025.11.17-07.21.35:843][ 26]SCS: Loaded SCS Gun Data
[2025.11.17-07.21.35:843][ 26]SCS: Loaded SCS Terminal Data
[2025.11.17-07.21.35:843][ 26]SCS: Loaded Resource Generation Data
[2025.11.17-07.21.35:843][ 26]SCS: Loaded Egg Generation Data
[2025.11.17-07.21.35:843][ 26]SCS: Loaded Dino Conversion Data
[2025.11.17-07.21.35:843][ 26]SCS: CCA Loaded Sucessfully!
[2025.11.17-07.22.14:690][259]Attempted GC & Defrag: Start: 7.16 GB End: 6.50 GB 0.66 GB Free'd, Duration: 0.860485 seconds
[2025.11.17-07.22.14:690][259]Server has completed startup and is now advertising for join. (6.98GB Mem)
