2025-12-15 11:40:40 INF syncthing v2.0.11 "Hafnium Hornet" (go1.25.3 windows-amd64) builder@github.syncthing.net 2025-10-27 03:59:48 UTC (log.pkg=main)
2025-12-15 11:40:41 INF Upgrade available (current=v2.0.11 latest=v2.0.12 log.pkg=main)
2025-12-15 11:40:41 INF Calculated our device ID (device=MQ2SYQO-J6IB2HQ-GRVNNKD-GRMB6ZY-BQO3GAZ-QIFU7RD-3HTDUFY-YMYNOQB log.pkg=syncthing)
2025-12-15 11:40:41 INF Overall rate limit in use (send="is unlimited" recv="is unlimited" log.pkg=connections)
2025-12-15 11:40:41 INF Relay listener starting (id=dynamic+https://relays.syncthing.net/endpoint log.pkg=connections)
2025-12-15 11:40:41 INF Using discovery mechanism (identity="global discovery server https://discovery-lookup.syncthing.net/v2/?noannounce" log.pkg=discover)
2025-12-15 11:40:41 INF Using discovery mechanism (identity="global discovery server https://discovery-announce-v4.syncthing.net/v2/?nolookup" log.pkg=discover)
2025-12-15 11:40:41 INF Using discovery mechanism (identity="global discovery server https://discovery-announce-v6.syncthing.net/v2/?nolookup" log.pkg=discover)
2025-12-15 11:40:41 INF Using discovery mechanism (identity="IPv4 local broadcast discovery on port 21027" log.pkg=discover)
2025-12-15 11:40:41 INF Using discovery mechanism (identity="IPv6 local multicast discovery on address [ff12::8384]:21027" log.pkg=discover)
2025-12-15 11:40:41 INF Creating new HTTPS certificate (log.pkg=api)
2025-12-15 11:40:41 INF GUI and API listening (address=127.0.0.1:8384 log.pkg=api)
2025-12-15 11:40:41 INF Access the GUI via the following URL: http://127.0.0.1:8384/ (log.pkg=api)
2025-12-15 11:40:41 INF Loaded configuration (name=DESKTOP-SSPBAGB log.pkg=syncthing)
2025-12-15 11:40:41 INF TCP listener starting (address="[::]:22000" log.pkg=connections)
2025-12-15 11:40:41 INF QUIC listener starting (address="[::]:22000" log.pkg=connections)
2025-12-15 11:40:41 INF Measured hashing performance (perf="2191.41 MB/s" log.pkg=syncthing)
2025-12-15 11:40:51 INF Sent usage report (version=3 log.pkg=ur)
2025-12-15 11:41:01 INF Detected NAT services (count=0 log.pkg=nat)
2025-12-15 11:41:05 INF QUIC listener shutting down (address="[::]:22000" log.pkg=connections)
2025-12-15 11:41:05 INF Relay listener shutting down (id=dynamic+https://relays.syncthing.net/endpoint log.pkg=connections)
2025-12-15 11:41:06 INF TCP listener shutting down (address="[::]:22000" log.pkg=connections)
2025-12-15 11:41:06 INF Exiting (log.pkg=syncthing)
2025-12-15 11:42:05 INF syncthing v2.0.11 "Hafnium Hornet" (go1.25.3 windows-amd64) builder@github.syncthing.net 2025-10-27 03:59:48 UTC (log.pkg=main)
2025-12-15 11:42:05 INF Calculated our device ID (device=MQ2SYQO-J6IB2HQ-GRVNNKD-GRMB6ZY-BQO3GAZ-QIFU7RD-3HTDUFY-YMYNOQB log.pkg=syncthing)
2025-12-15 11:42:05 INF Overall rate limit in use (send="is unlimited" recv="is unlimited" log.pkg=connections)
2025-12-15 11:42:05 INF Relay listener starting (id=dynamic+https://relays.syncthing.net/endpoint log.pkg=connections)
2025-12-15 11:42:05 INF Using discovery mechanism (identity="global discovery server https://discovery-lookup.syncthing.net/v2/?noannounce" log.pkg=discover)
2025-12-15 11:42:05 INF Using discovery mechanism (identity="global discovery server https://discovery-announce-v4.syncthing.net/v2/?nolookup" log.pkg=discover)
2025-12-15 11:42:05 INF Using discovery mechanism (identity="global discovery server https://discovery-announce-v6.syncthing.net/v2/?nolookup" log.pkg=discover)
2025-12-15 11:42:05 INF Using discovery mechanism (identity="IPv4 local broadcast discovery on port 21027" log.pkg=discover)
2025-12-15 11:42:05 INF Using discovery mechanism (identity="IPv6 local multicast discovery on address [ff12::8384]:21027" log.pkg=discover)
2025-12-15 11:42:05 INF GUI and API listening (address=127.0.0.1:8384 log.pkg=api)
2025-12-15 11:42:05 INF Access the GUI via the following URL: http://127.0.0.1:8384/ (log.pkg=api)
2025-12-15 11:42:05 INF Loaded configuration (name=DESKTOP-SSPBAGB log.pkg=syncthing)
2025-12-15 11:42:05 INF TCP listener starting (address="[::]:22000" log.pkg=connections)
2025-12-15 11:42:05 INF QUIC listener starting (address="[::]:22000" log.pkg=connections)
2025-12-15 11:42:06 INF Measured hashing performance (perf="2298.98 MB/s" log.pkg=syncthing)
2025-12-15 11:42:08 INF Detected NAT services (count=0 log.pkg=nat)
2025-12-15 11:42:08 INF QUIC listener shutting down (address="[::]:22000" log.pkg=connections)
2025-12-15 11:42:08 INF Relay listener shutting down (id=dynamic+https://relays.syncthing.net/endpoint log.pkg=connections)
2025-12-15 11:42:08 INF TCP listener shutting down (address="[::]:22000" log.pkg=connections)
2025-12-15 11:42:08 INF Exiting (log.pkg=syncthing)
2025-12-15 11:42:43 INF syncthing v2.0.11 "Hafnium Hornet" (go1.25.3 windows-amd64) builder@github.syncthing.net 2025-10-27 03:59:48 UTC (log.pkg=main)
2025-12-15 11:42:43 INF Calculated our device ID (device=MQ2SYQO-J6IB2HQ-GRVNNKD-GRMB6ZY-BQO3GAZ-QIFU7RD-3HTDUFY-YMYNOQB log.pkg=syncthing)
2025-12-15 11:42:43 INF Overall rate limit in use (send="is unlimited" recv="is unlimited" log.pkg=connections)
2025-12-15 11:42:43 INF Relay listener starting (id=dynamic+https://relays.syncthing.net/endpoint log.pkg=connections)
2025-12-15 11:42:43 INF Using discovery mechanism (identity="global discovery server https://discovery-lookup.syncthing.net/v2/?noannounce" log.pkg=discover)
2025-12-15 11:42:43 INF Using discovery mechanism (identity="global discovery server https://discovery-announce-v4.syncthing.net/v2/?nolookup" log.pkg=discover)
2025-12-15 11:42:43 INF Using discovery mechanism (identity="global discovery server https://discovery-announce-v6.syncthing.net/v2/?nolookup" log.pkg=discover)
2025-12-15 11:42:43 INF Using discovery mechanism (identity="IPv4 local broadcast discovery on port 21027" log.pkg=discover)
2025-12-15 11:42:43 INF Using discovery mechanism (identity="IPv6 local multicast discovery on address [ff12::8384]:21027" log.pkg=discover)
2025-12-15 11:42:43 INF GUI and API listening (address=127.0.0.1:8384 log.pkg=api)
2025-12-15 11:42:43 INF Access the GUI via the following URL: http://127.0.0.1:8384/ (log.pkg=api)
2025-12-15 11:42:43 INF Loaded configuration (name=DESKTOP-SSPBAGB log.pkg=syncthing)
2025-12-15 11:42:43 INF QUIC listener starting (address="[::]:22000" log.pkg=connections)
2025-12-15 11:42:43 INF TCP listener starting (address="[::]:22000" log.pkg=connections)
2025-12-15 11:42:43 INF Measured hashing performance (perf="2239.05 MB/s" log.pkg=syncthing)
2025-12-15 11:43:03 INF Detected NAT services (count=0 log.pkg=nat)
2025-12-15 11:43:12 INF Detected NAT type (uri=quic://0.0.0.0:22000 type="Port restricted NAT" log.pkg=connections)
2025-12-15 11:43:12 INF Resolved external address (uri=quic://0.0.0.0:22000 address=quic://61.130.51.238:22000 via=stun.miwifi.com:3478 log.pkg=connections)
2025-12-15 11:43:12 WRN Failed to fetch latest release information (error="Get \"https://upgrades.syncthing.net/meta.json\": read tcp 192.168.28.35:62103->141.144.201.57:443: wsarecv: A connection attempt failed because the connected party did not properly respond after a period of time, or established connection failed because connected host has failed to respond." log.pkg=upgrade)
2025-12-15 11:43:21 WRN Failed to fetch latest release information (error="Get \"https://upgrades.syncthing.net/meta.json\": read tcp 192.168.28.35:65237->141.144.201.57:443: wsarecv: A connection attempt failed because the connected party did not properly respond after a period of time, or established connection failed because connected host has failed to respond." log.pkg=upgrade)
2025-12-15 11:43:45 INF Joined relay (uri=relay://112.247.212.194:22067 log.pkg=relay/client)
2025-12-15 11:47:40 INF QUIC listener shutting down (address="[::]:22000" log.pkg=connections)
2025-12-15 11:47:40 INF Relay listener shutting down (id=dynamic+https://relays.syncthing.net/endpoint log.pkg=connections)
2025-12-16 19:43:33 INF syncthing v2.0.11 "Hafnium Hornet" (go1.25.3 windows-amd64) builder@github.syncthing.net 2025-10-27 03:59:48 UTC (log.pkg=main)
2025-12-16 19:43:34 INF Upgrade available (current=v2.0.11 latest=v2.0.12 log.pkg=main)
2025-12-16 20:08:45 INF syncthing v2.0.11 "Hafnium Hornet" (go1.25.3 windows-amd64) builder@github.syncthing.net 2025-10-27 03:59:48 UTC (log.pkg=main)
2025-12-16 20:08:45 INF Calculated our device ID (device=MQ2SYQO-J6IB2HQ-GRVNNKD-GRMB6ZY-BQO3GAZ-QIFU7RD-3HTDUFY-YMYNOQB log.pkg=syncthing)
2025-12-16 20:08:45 INF Overall rate limit in use (send="is unlimited" recv="is unlimited" log.pkg=connections)
2025-12-16 20:08:45 INF Relay listener starting (id=dynamic+https://relays.syncthing.net/endpoint log.pkg=connections)
2025-12-16 20:08:45 INF Using discovery mechanism (identity="global discovery server https://discovery-lookup.syncthing.net/v2/?noannounce" log.pkg=discover)
2025-12-16 20:08:45 INF Using discovery mechanism (identity="global discovery server https://discovery-announce-v4.syncthing.net/v2/?nolookup" log.pkg=discover)
2025-12-16 20:08:45 INF Using discovery mechanism (identity="global discovery server https://discovery-announce-v6.syncthing.net/v2/?nolookup" log.pkg=discover)
2025-12-16 20:08:45 INF Using discovery mechanism (identity="IPv4 local broadcast discovery on port 21027" log.pkg=discover)
2025-12-16 20:08:45 INF Using discovery mechanism (identity="IPv6 local multicast discovery on address [ff12::8384]:21027" log.pkg=discover)
2025-12-16 20:08:45 INF GUI and API listening (address=127.0.0.1:8384 log.pkg=api)
2025-12-16 20:08:45 INF Access the GUI via the following URL: http://127.0.0.1:8384/ (log.pkg=api)
2025-12-16 20:08:45 INF Loaded configuration (name=DESKTOP-SSPBAGB log.pkg=syncthing)
2025-12-16 20:18:32 INF syncthing v2.0.11 "Hafnium Hornet" (go1.25.3 windows-amd64) builder@github.syncthing.net 2025-10-27 03:59:48 UTC (log.pkg=main)
2025-12-16 20:22:56 INF syncthing v2.0.11 "Hafnium Hornet" (go1.25.3 windows-amd64) builder@github.syncthing.net 2025-10-27 03:59:48 UTC (log.pkg=main)
2025-12-16 20:22:56 INF Calculated our device ID (device=MQ2SYQO-J6IB2HQ-GRVNNKD-GRMB6ZY-BQO3GAZ-QIFU7RD-3HTDUFY-YMYNOQB log.pkg=syncthing)
2025-12-16 20:22:56 INF Overall rate limit in use (send="is unlimited" recv="is unlimited" log.pkg=connections)
2025-12-16 20:22:56 INF Relay listener starting (id=dynamic+https://relays.syncthing.net/endpoint log.pkg=connections)
2025-12-16 20:22:56 INF Using discovery mechanism (identity="global discovery server https://discovery-lookup.syncthing.net/v2/?noannounce" log.pkg=discover)
2025-12-16 20:22:56 INF Using discovery mechanism (identity="global discovery server https://discovery-announce-v4.syncthing.net/v2/?nolookup" log.pkg=discover)
2025-12-16 20:22:56 INF Using discovery mechanism (identity="global discovery server https://discovery-announce-v6.syncthing.net/v2/?nolookup" log.pkg=discover)
2025-12-16 20:22:56 INF Using discovery mechanism (identity="IPv4 local broadcast discovery on port 21027" log.pkg=discover)
2025-12-16 20:22:56 INF Using discovery mechanism (identity="IPv6 local multicast discovery on address [ff12::8384]:21027" log.pkg=discover)
2025-12-16 20:22:56 INF GUI and API listening (address=127.0.0.1:8384 log.pkg=api)
2025-12-16 20:22:56 INF Access the GUI via the following URL: http://127.0.0.1:8384/ (log.pkg=api)
2025-12-16 20:22:56 INF Loaded configuration (name=DESKTOP-SSPBAGB log.pkg=syncthing)
2025-12-16 20:22:56 INF QUIC listener starting (address="[::]:22000" log.pkg=connections)
2025-12-16 20:22:56 INF TCP listener starting (address="[::]:22000" log.pkg=connections)
2025-12-16 20:27:42 INF syncthing v2.0.11 "Hafnium Hornet" (go1.25.3 windows-amd64) builder@github.syncthing.net 2025-10-27 03:59:48 UTC (log.pkg=main)
2025-12-16 20:31:59 INF syncthing v2.0.11 "Hafnium Hornet" (go1.25.3 windows-amd64) builder@github.syncthing.net 2025-10-27 03:59:48 UTC (log.pkg=main)
2025-12-16 20:31:59 INF Calculated our device ID (device=MQ2SYQO-J6IB2HQ-GRVNNKD-GRMB6ZY-BQO3GAZ-QIFU7RD-3HTDUFY-YMYNOQB log.pkg=syncthing)
2025-12-16 20:31:59 INF Overall rate limit in use (send="is unlimited" recv="is unlimited" log.pkg=connections)
2025-12-16 20:31:59 INF Relay listener starting (id=dynamic+https://relays.syncthing.net/endpoint log.pkg=connections)
2025-12-16 20:31:59 INF Using discovery mechanism (identity="global discovery server https://discovery-lookup.syncthing.net/v2/?noannounce" log.pkg=discover)
2025-12-16 20:31:59 INF Using discovery mechanism (identity="global discovery server https://discovery-announce-v4.syncthing.net/v2/?nolookup" log.pkg=discover)
2025-12-16 20:31:59 INF Using discovery mechanism (identity="global discovery server https://discovery-announce-v6.syncthing.net/v2/?nolookup" log.pkg=discover)
2025-12-16 20:31:59 INF Using discovery mechanism (identity="IPv4 local broadcast discovery on port 21027" log.pkg=discover)
2025-12-16 20:31:59 INF Using discovery mechanism (identity="IPv6 local multicast discovery on address [ff12::8384]:21027" log.pkg=discover)
2025-12-16 20:31:59 INF GUI and API listening (address=127.0.0.1:8384 log.pkg=api)
2025-12-16 20:31:59 INF Access the GUI via the following URL: http://127.0.0.1:8384/ (log.pkg=api)
2025-12-16 20:31:59 INF Loaded configuration (name=DESKTOP-SSPBAGB log.pkg=syncthing)
2025-12-16 20:31:59 INF TCP listener starting (address="[::]:22000" log.pkg=connections)
2025-12-16 20:31:59 INF QUIC listener starting (address="[::]:22000" log.pkg=connections)
2025-12-16 20:33:43 INF syncthing v2.0.11 "Hafnium Hornet" (go1.25.3 windows-amd64) builder@github.syncthing.net 2025-10-27 03:59:48 UTC (log.pkg=main)
2025-12-16 20:33:43 ERR Failed to acquire lock: is another Syncthing instance already running? (log.pkg=main)
2025-12-16 20:34:38 INF syncthing v2.0.11 "Hafnium Hornet" (go1.25.3 windows-amd64) builder@github.syncthing.net 2025-10-27 03:59:48 UTC (log.pkg=main)
2025-12-16 20:36:24 INF syncthing v2.0.11 "Hafnium Hornet" (go1.25.3 windows-amd64) builder@github.syncthing.net 2025-10-27 03:59:48 UTC (log.pkg=main)
2025-12-16 20:36:24 INF Calculated our device ID (device=MQ2SYQO-J6IB2HQ-GRVNNKD-GRMB6ZY-BQO3GAZ-QIFU7RD-3HTDUFY-YMYNOQB log.pkg=syncthing)
2025-12-16 20:36:24 INF Overall rate limit in use (send="is unlimited" recv="is unlimited" log.pkg=connections)
2025-12-16 20:36:24 INF Relay listener starting (id=dynamic+https://relays.syncthing.net/endpoint log.pkg=connections)
2025-12-16 20:36:24 INF Using discovery mechanism (identity="global discovery server https://discovery-lookup.syncthing.net/v2/?noannounce" log.pkg=discover)
2025-12-16 20:36:24 INF Using discovery mechanism (identity="global discovery server https://discovery-announce-v4.syncthing.net/v2/?nolookup" log.pkg=discover)
2025-12-16 20:36:24 INF Using discovery mechanism (identity="global discovery server https://discovery-announce-v6.syncthing.net/v2/?nolookup" log.pkg=discover)
2025-12-16 20:36:24 INF Using discovery mechanism (identity="IPv4 local broadcast discovery on port 21027" log.pkg=discover)
2025-12-16 20:36:24 INF Using discovery mechanism (identity="IPv6 local multicast discovery on address [ff12::8384]:21027" log.pkg=discover)
2025-12-16 20:36:24 INF GUI and API listening (address=127.0.0.1:8384 log.pkg=api)
2025-12-16 20:36:24 INF Access the GUI via the following URL: http://127.0.0.1:8384/ (log.pkg=api)
2025-12-16 20:36:24 INF Loaded configuration (name=DESKTOP-SSPBAGB log.pkg=syncthing)
2025-12-16 20:36:24 INF TCP listener starting (address="[::]:22000" log.pkg=connections)
2025-12-16 20:36:24 INF QUIC listener starting (address="[::]:22000" log.pkg=connections)
2025-12-16 20:37:09 INF syncthing v2.0.11 "Hafnium Hornet" (go1.25.3 windows-amd64) builder@github.syncthing.net 2025-10-27 03:59:48 UTC (log.pkg=main)
2025-12-16 20:37:09 INF Calculated our device ID (device=MQ2SYQO-J6IB2HQ-GRVNNKD-GRMB6ZY-BQO3GAZ-QIFU7RD-3HTDUFY-YMYNOQB log.pkg=syncthing)
2025-12-16 20:37:09 INF Overall rate limit in use (send="is unlimited" recv="is unlimited" log.pkg=connections)
2025-12-16 20:37:09 INF Using discovery mechanism (identity="global discovery server https://discovery-lookup.syncthing.net/v2/?noannounce" log.pkg=discover)
2025-12-16 20:37:09 INF Relay listener starting (id=dynamic+https://relays.syncthing.net/endpoint log.pkg=connections)
2025-12-16 20:37:09 INF Using discovery mechanism (identity="global discovery server https://discovery-announce-v4.syncthing.net/v2/?nolookup" log.pkg=discover)
2025-12-16 20:37:09 INF Using discovery mechanism (identity="global discovery server https://discovery-announce-v6.syncthing.net/v2/?nolookup" log.pkg=discover)
2025-12-16 20:37:09 INF Using discovery mechanism (identity="IPv4 local broadcast discovery on port 21027" log.pkg=discover)
2025-12-16 20:37:09 INF Using discovery mechanism (identity="IPv6 local multicast discovery on address [ff12::8384]:21027" log.pkg=discover)
2025-12-16 20:37:09 INF GUI and API listening (address=127.0.0.1:8384 log.pkg=api)
2025-12-16 20:37:09 INF Access the GUI via the following URL: http://127.0.0.1:8384/ (log.pkg=api)
2025-12-16 20:37:09 INF Loaded configuration (name=DESKTOP-SSPBAGB log.pkg=syncthing)
2025-12-16 20:37:09 INF TCP listener starting (address="[::]:22000" log.pkg=connections)
2025-12-16 20:37:09 INF QUIC listener starting (address="[::]:22000" log.pkg=connections)
2025-12-16 20:38:34 INF syncthing v2.0.11 "Hafnium Hornet" (go1.25.3 windows-amd64) builder@github.syncthing.net 2025-10-27 03:59:48 UTC (log.pkg=main)
2025-12-16 20:38:34 INF Calculated our device ID (device=MQ2SYQO-J6IB2HQ-GRVNNKD-GRMB6ZY-BQO3GAZ-QIFU7RD-3HTDUFY-YMYNOQB log.pkg=syncthing)
2025-12-16 20:38:34 INF Overall rate limit in use (send="is unlimited" recv="is unlimited" log.pkg=connections)
2025-12-16 20:38:34 INF Relay listener starting (id=dynamic+https://relays.syncthing.net/endpoint log.pkg=connections)
2025-12-16 20:38:34 INF Using discovery mechanism (identity="global discovery server https://discovery-lookup.syncthing.net/v2/?noannounce" log.pkg=discover)
2025-12-16 20:38:34 INF Using discovery mechanism (identity="global discovery server https://discovery-announce-v4.syncthing.net/v2/?nolookup" log.pkg=discover)
2025-12-16 20:38:34 INF Using discovery mechanism (identity="global discovery server https://discovery-announce-v6.syncthing.net/v2/?nolookup" log.pkg=discover)
2025-12-16 20:38:34 INF Using discovery mechanism (identity="IPv4 local broadcast discovery on port 21027" log.pkg=discover)
2025-12-16 20:38:34 INF Using discovery mechanism (identity="IPv6 local multicast discovery on address [ff12::8384]:21027" log.pkg=discover)
2025-12-16 20:38:34 INF GUI and API listening (address=127.0.0.1:8384 log.pkg=api)
2025-12-16 20:38:34 INF Access the GUI via the following URL: http://127.0.0.1:8384/ (log.pkg=api)
2025-12-16 20:38:34 INF Loaded configuration (name=DESKTOP-SSPBAGB log.pkg=syncthing)
2025-12-16 20:38:34 INF QUIC listener starting (address="[::]:22000" log.pkg=connections)
2025-12-16 20:38:34 INF TCP listener starting (address="[::]:22000" log.pkg=connections)
2025-12-16 20:38:35 INF Measured hashing performance (perf="2199.53 MB/s" log.pkg=syncthing)
2025-12-16 20:41:00 INF syncthing v2.0.11 "Hafnium Hornet" (go1.25.3 windows-amd64) builder@github.syncthing.net 2025-10-27 03:59:48 UTC (log.pkg=main)
2025-12-16 20:41:00 INF Upgrade available (current=v2.0.11 latest=v2.0.12 log.pkg=main)
2025-12-16 20:41:00 INF Calculated our device ID (device=MQ2SYQO-J6IB2HQ-GRVNNKD-GRMB6ZY-BQO3GAZ-QIFU7RD-3HTDUFY-YMYNOQB log.pkg=syncthing)
2025-12-16 20:41:00 INF Overall rate limit in use (send="is unlimited" recv="is unlimited" log.pkg=connections)
2025-12-16 20:41:00 INF Relay listener starting (id=dynamic+https://relays.syncthing.net/endpoint log.pkg=connections)
2025-12-16 20:41:00 INF Using discovery mechanism (identity="global discovery server https://discovery-lookup.syncthing.net/v2/?noannounce" log.pkg=discover)
2025-12-16 20:41:00 INF Using discovery mechanism (identity="global discovery server https://discovery-announce-v4.syncthing.net/v2/?nolookup" log.pkg=discover)
2025-12-16 20:41:00 INF Using discovery mechanism (identity="global discovery server https://discovery-announce-v6.syncthing.net/v2/?nolookup" log.pkg=discover)
2025-12-16 20:41:00 INF Using discovery mechanism (identity="IPv4 local broadcast discovery on port 21027" log.pkg=discover)
2025-12-16 20:41:00 INF Using discovery mechanism (identity="IPv6 local multicast discovery on address [ff12::8384]:21027" log.pkg=discover)
2025-12-16 20:41:00 INF GUI and API listening (address=127.0.0.1:8384 log.pkg=api)
2025-12-16 20:41:00 INF Access the GUI via the following URL: http://127.0.0.1:8384/ (log.pkg=api)
2025-12-16 20:41:00 INF Loaded configuration (name=DESKTOP-SSPBAGB log.pkg=syncthing)
2025-12-16 20:41:00 INF QUIC listener starting (address="[::]:22000" log.pkg=connections)
2025-12-16 20:41:00 INF TCP listener starting (address="[::]:22000" log.pkg=connections)
2025-12-16 20:41:01 INF Measured hashing performance (perf="2145.87 MB/s" log.pkg=syncthing)
2025-12-16 20:43:43 INF syncthing v2.0.11 "Hafnium Hornet" (go1.25.3 windows-amd64) builder@github.syncthing.net 2025-10-27 03:59:48 UTC (log.pkg=main)
2025-12-16 20:43:43 ERR Failed to acquire lock: is another Syncthing instance already running? (log.pkg=main)
2025-12-16 20:51:56 INF syncthing v2.0.11 "Hafnium Hornet" (go1.25.3 windows-amd64) builder@github.syncthing.net 2025-10-27 03:59:48 UTC (log.pkg=main)
2025-12-16 20:51:57 INF Upgrade available (current=v2.0.11 latest=v2.0.12 log.pkg=main)
2025-12-16 21:03:02 INF syncthing v2.0.11 "Hafnium Hornet" (go1.25.3 windows-amd64) builder@github.syncthing.net 2025-10-27 03:59:48 UTC (log.pkg=main)
2025-12-16 21:03:03 INF Upgrade available (current=v2.0.11 latest=v2.0.12 log.pkg=main)
2025-12-16 21:03:03 INF Calculated our device ID (device=MQ2SYQO-J6IB2HQ-GRVNNKD-GRMB6ZY-BQO3GAZ-QIFU7RD-3HTDUFY-YMYNOQB log.pkg=syncthing)
2025-12-16 21:03:03 INF Overall rate limit in use (send="is unlimited" recv="is unlimited" log.pkg=connections)
2025-12-16 21:03:03 INF Relay listener starting (id=dynamic+https://relays.syncthing.net/endpoint log.pkg=connections)
2025-12-16 21:03:03 INF Using discovery mechanism (identity="global discovery server https://discovery-lookup.syncthing.net/v2/?noannounce" log.pkg=discover)
2025-12-16 21:03:03 INF Using discovery mechanism (identity="global discovery server https://discovery-announce-v4.syncthing.net/v2/?nolookup" log.pkg=discover)
2025-12-16 21:03:03 INF Using discovery mechanism (identity="global discovery server https://discovery-announce-v6.syncthing.net/v2/?nolookup" log.pkg=discover)
2025-12-16 21:03:03 INF Using discovery mechanism (identity="IPv4 local broadcast discovery on port 21027" log.pkg=discover)
2025-12-16 21:03:03 INF Using discovery mechanism (identity="IPv6 local multicast discovery on address [ff12::8384]:21027" log.pkg=discover)
2025-12-16 21:03:03 INF GUI and API listening (address=127.0.0.1:8384 log.pkg=api)
2025-12-16 21:03:03 INF Access the GUI via the following URL: http://127.0.0.1:8384/ (log.pkg=api)
2025-12-16 21:03:03 INF Loaded configuration (name=DESKTOP-SSPBAGB log.pkg=syncthing)
2025-12-16 21:03:03 INF QUIC listener starting (address="[::]:22000" log.pkg=connections)
2025-12-16 21:03:03 INF TCP listener starting (address="[::]:22000" log.pkg=connections)
2025-12-16 21:03:03 INF Measured hashing performance (perf="2158.10 MB/s" log.pkg=syncthing)
2025-12-16 21:03:23 INF Detected NAT services (count=0 log.pkg=nat)
2025-12-16 21:04:19 INF syncthing v2.0.11 "Hafnium Hornet" (go1.25.3 windows-amd64) builder@github.syncthing.net 2025-10-27 03:59:48 UTC (log.pkg=main)
2025-12-16 21:04:19 INF Calculated our device ID (device=MQ2SYQO-J6IB2HQ-GRVNNKD-GRMB6ZY-BQO3GAZ-QIFU7RD-3HTDUFY-YMYNOQB log.pkg=syncthing)
2025-12-16 21:04:19 INF Overall rate limit in use (send="is unlimited" recv="is unlimited" log.pkg=connections)
2025-12-16 21:04:19 INF Relay listener starting (id=dynamic+https://relays.syncthing.net/endpoint log.pkg=connections)
2025-12-16 21:04:19 INF Using discovery mechanism (identity="global discovery server https://discovery-lookup.syncthing.net/v2/?noannounce" log.pkg=discover)
2025-12-16 21:04:19 INF Using discovery mechanism (identity="global discovery server https://discovery-announce-v4.syncthing.net/v2/?nolookup" log.pkg=discover)
2025-12-16 21:04:19 INF Using discovery mechanism (identity="global discovery server https://discovery-announce-v6.syncthing.net/v2/?nolookup" log.pkg=discover)
2025-12-16 21:04:19 INF Using discovery mechanism (identity="IPv4 local broadcast discovery on port 21027" log.pkg=discover)
2025-12-16 21:04:19 INF Using discovery mechanism (identity="IPv6 local multicast discovery on address [ff12::8384]:21027" log.pkg=discover)
2025-12-16 21:04:19 INF GUI and API listening (address=127.0.0.1:8384 log.pkg=api)
2025-12-16 21:04:19 INF Access the GUI via the following URL: http://127.0.0.1:8384/ (log.pkg=api)
2025-12-16 21:04:19 INF Loaded configuration (name=DESKTOP-SSPBAGB log.pkg=syncthing)
2025-12-16 21:04:19 INF QUIC listener starting (address="[::]:22000" log.pkg=connections)
2025-12-16 21:04:19 INF TCP listener starting (address="[::]:22000" log.pkg=connections)
2025-12-16 21:04:19 INF Measured hashing performance (perf="2194.95 MB/s" log.pkg=syncthing)
2025-12-16 21:05:40 INF syncthing v2.0.11 "Hafnium Hornet" (go1.25.3 windows-amd64) builder@github.syncthing.net 2025-10-27 03:59:48 UTC (log.pkg=main)
2025-12-16 21:05:40 INF Calculated our device ID (device=MQ2SYQO-J6IB2HQ-GRVNNKD-GRMB6ZY-BQO3GAZ-QIFU7RD-3HTDUFY-YMYNOQB log.pkg=syncthing)
2025-12-16 21:05:40 INF Overall rate limit in use (send="is unlimited" recv="is unlimited" log.pkg=connections)
2025-12-16 21:05:40 INF Relay listener starting (id=dynamic+https://relays.syncthing.net/endpoint log.pkg=connections)
2025-12-16 21:05:40 INF Using discovery mechanism (identity="global discovery server https://discovery-lookup.syncthing.net/v2/?noannounce" log.pkg=discover)
2025-12-16 21:05:40 INF Using discovery mechanism (identity="global discovery server https://discovery-announce-v4.syncthing.net/v2/?nolookup" log.pkg=discover)
2025-12-16 21:05:40 INF Using discovery mechanism (identity="global discovery server https://discovery-announce-v6.syncthing.net/v2/?nolookup" log.pkg=discover)
2025-12-16 21:05:40 INF Using discovery mechanism (identity="IPv4 local broadcast discovery on port 21027" log.pkg=discover)
2025-12-16 21:05:40 INF Using discovery mechanism (identity="IPv6 local multicast discovery on address [ff12::8384]:21027" log.pkg=discover)
2025-12-16 21:05:40 INF GUI and API listening (address=127.0.0.1:8384 log.pkg=api)
2025-12-16 21:05:40 INF Access the GUI via the following URL: http://127.0.0.1:8384/ (log.pkg=api)
2025-12-16 21:05:40 INF Loaded configuration (name=DESKTOP-SSPBAGB log.pkg=syncthing)
2025-12-16 21:05:40 INF TCP listener starting (address="[::]:22000" log.pkg=connections)
2025-12-16 21:05:40 INF QUIC listener starting (address="[::]:22000" log.pkg=connections)
2025-12-16 21:05:40 INF Measured hashing performance (perf="2177.83 MB/s" log.pkg=syncthing)
2025-12-16 21:06:00 INF Detected NAT services (count=0 log.pkg=nat)
2025-12-16 21:06:09 INF Detected NAT type (uri=quic://0.0.0.0:22000 type="Port restricted NAT" log.pkg=connections)
2025-12-16 21:06:09 INF Resolved external address (uri=quic://0.0.0.0:22000 address=quic://61.130.51.238:22000 via=stun.miwifi.com:3478 log.pkg=connections)
2025-12-16 21:06:18 INF Joined relay (uri=relay://8.140.26.161:22067 log.pkg=relay/client)
2025-12-16 21:08:04 INF syncthing v2.0.11 "Hafnium Hornet" (go1.25.3 windows-amd64) builder@github.syncthing.net 2025-10-27 03:59:48 UTC (log.pkg=main)
2025-12-16 21:08:05 INF Upgrade available (current=v2.0.11 latest=v2.0.12 log.pkg=main)
2025-12-16 21:08:05 INF Calculated our device ID (device=MQ2SYQO-J6IB2HQ-GRVNNKD-GRMB6ZY-BQO3GAZ-QIFU7RD-3HTDUFY-YMYNOQB log.pkg=syncthing)
2025-12-16 21:08:05 INF Overall rate limit in use (send="is unlimited" recv="is unlimited" log.pkg=connections)
2025-12-16 21:08:05 INF Relay listener starting (id=dynamic+https://relays.syncthing.net/endpoint log.pkg=connections)
2025-12-16 21:08:05 INF Using discovery mechanism (identity="global discovery server https://discovery-lookup.syncthing.net/v2/?noannounce" log.pkg=discover)
2025-12-16 21:08:05 INF Using discovery mechanism (identity="global discovery server https://discovery-announce-v4.syncthing.net/v2/?nolookup" log.pkg=discover)
2025-12-16 21:08:05 INF Using discovery mechanism (identity="global discovery server https://discovery-announce-v6.syncthing.net/v2/?nolookup" log.pkg=discover)
2025-12-16 21:08:05 INF Using discovery mechanism (identity="IPv4 local broadcast discovery on port 21027" log.pkg=discover)
2025-12-16 21:08:05 INF Using discovery mechanism (identity="IPv6 local multicast discovery on address [ff12::8384]:21027" log.pkg=discover)
2025-12-16 21:08:05 INF GUI and API listening (address=127.0.0.1:8384 log.pkg=api)
2025-12-16 21:08:05 INF Access the GUI via the following URL: http://127.0.0.1:8384/ (log.pkg=api)
2025-12-16 21:08:05 INF Loaded configuration (name=DESKTOP-SSPBAGB log.pkg=syncthing)
2025-12-16 21:08:05 INF TCP listener starting (address="[::]:22000" log.pkg=connections)
2025-12-16 21:08:05 INF QUIC listener starting (address="[::]:22000" log.pkg=connections)
2025-12-16 21:08:06 INF Measured hashing performance (perf="2198.15 MB/s" log.pkg=syncthing)
2025-12-16 21:08:25 INF Detected NAT services (count=0 log.pkg=nat)
2025-12-16 21:08:44 INF Detected NAT type (uri=quic://0.0.0.0:22000 type="Port restricted NAT" log.pkg=connections)
2025-12-16 21:08:44 INF Resolved external address (uri=quic://0.0.0.0:22000 address=quic://61.130.51.238:22000 via=stun.internetcalls.com:3478 log.pkg=connections)
2025-12-16 21:08:47 INF Joined relay (uri=relay://219.255.6.74:22067 log.pkg=relay/client)
2025-12-16 21:13:06 INF Automatic upgrade (current=v2.0.11 latest=v2.0.12 log.pkg=main)
2025-12-16 21:13:25 ERR Automatic upgrade failed (error="Get \"https://github.com/syncthing/syncthing/releases/download/v2.0.12/syncthing-windows-amd64-v2.0.12.zip\": read tcp 192.168.28.35:61062->20.205.243.166:443: wsarecv: A connection attempt failed because the connected party did not properly respond after a period of time, or established connection failed because connected host has failed to respond." log.pkg=main)
2025-12-16 21:14:40 INF syncthing v2.0.11 "Hafnium Hornet" (go1.25.3 windows-amd64) builder@github.syncthing.net 2025-10-27 03:59:48 UTC (log.pkg=main)
2025-12-16 21:14:40 INF Upgrade available (current=v2.0.11 latest=v2.0.12 log.pkg=main)
2025-12-16 21:14:40 INF Calculated our device ID (device=MQ2SYQO-J6IB2HQ-GRVNNKD-GRMB6ZY-BQO3GAZ-QIFU7RD-3HTDUFY-YMYNOQB log.pkg=syncthing)
2025-12-16 21:14:40 INF Overall rate limit in use (send="is unlimited" recv="is unlimited" log.pkg=connections)
2025-12-16 21:14:40 INF Using discovery mechanism (identity="global discovery server https://discovery-lookup.syncthing.net/v2/?noannounce" log.pkg=discover)
2025-12-16 21:14:40 INF Using discovery mechanism (identity="global discovery server https://discovery-announce-v4.syncthing.net/v2/?nolookup" log.pkg=discover)
2025-12-16 21:14:40 INF Using discovery mechanism (identity="global discovery server https://discovery-announce-v6.syncthing.net/v2/?nolookup" log.pkg=discover)
2025-12-16 21:14:40 INF Relay listener starting (id=dynamic+https://relays.syncthing.net/endpoint log.pkg=connections)
2025-12-16 21:14:40 INF Using discovery mechanism (identity="IPv4 local broadcast discovery on port 21027" log.pkg=discover)
2025-12-16 21:14:40 INF Using discovery mechanism (identity="IPv6 local multicast discovery on address [ff12::8384]:21027" log.pkg=discover)
2025-12-16 21:14:40 INF GUI and API listening (address=127.0.0.1:8384 log.pkg=api)
2025-12-16 21:14:40 INF Access the GUI via the following URL: http://127.0.0.1:8384/ (log.pkg=api)
2025-12-16 21:14:40 INF Loaded configuration (name=DESKTOP-SSPBAGB log.pkg=syncthing)
2025-12-16 21:14:41 INF TCP listener starting (address="[::]:22000" log.pkg=connections)
2025-12-16 21:14:41 INF QUIC listener starting (address="[::]:22000" log.pkg=connections)
2025-12-16 21:14:41 INF Measured hashing performance (perf="2185.54 MB/s" log.pkg=syncthing)
2025-12-16 21:15:01 INF Detected NAT services (count=0 log.pkg=nat)
2025-12-16 21:15:10 INF Detected NAT type (uri=quic://0.0.0.0:22000 type="Port restricted NAT" log.pkg=connections)
2025-12-16 21:15:10 INF Resolved external address (uri=quic://0.0.0.0:22000 address=quic://61.130.51.238:22000 via=stun.internetcalls.com:3478 log.pkg=connections)
2025-12-16 21:18:00 INF syncthing v2.0.11 "Hafnium Hornet" (go1.25.3 windows-amd64) builder@github.syncthing.net 2025-10-27 03:59:48 UTC (log.pkg=main)
2025-12-16 21:18:00 INF Calculated our device ID (device=MQ2SYQO-J6IB2HQ-GRVNNKD-GRMB6ZY-BQO3GAZ-QIFU7RD-3HTDUFY-YMYNOQB log.pkg=syncthing)
2025-12-16 21:18:00 INF Overall rate limit in use (send="is unlimited" recv="is unlimited" log.pkg=connections)
2025-12-16 21:18:00 INF Relay listener starting (id=dynamic+https://relays.syncthing.net/endpoint log.pkg=connections)
2025-12-16 21:18:00 INF Using discovery mechanism (identity="global discovery server https://discovery-lookup.syncthing.net/v2/?noannounce" log.pkg=discover)
2025-12-16 21:18:00 INF Using discovery mechanism (identity="global discovery server https://discovery-announce-v4.syncthing.net/v2/?nolookup" log.pkg=discover)
2025-12-16 21:18:00 INF Using discovery mechanism (identity="global discovery server https://discovery-announce-v6.syncthing.net/v2/?nolookup" log.pkg=discover)
2025-12-16 21:18:00 INF Using discovery mechanism (identity="IPv4 local broadcast discovery on port 21027" log.pkg=discover)
2025-12-16 21:18:00 INF Using discovery mechanism (identity="IPv6 local multicast discovery on address [ff12::8384]:21027" log.pkg=discover)
2025-12-16 21:18:00 INF GUI and API listening (address=127.0.0.1:8384 log.pkg=api)
2025-12-16 21:18:00 INF Access the GUI via the following URL: http://127.0.0.1:8384/ (log.pkg=api)
2025-12-16 21:18:00 INF Loaded configuration (name=DESKTOP-SSPBAGB log.pkg=syncthing)
2025-12-16 21:18:00 INF TCP listener starting (address="[::]:22000" log.pkg=connections)
2025-12-16 21:18:00 INF QUIC listener starting (address="[::]:22000" log.pkg=connections)
2025-12-16 21:18:00 INF Measured hashing performance (perf="2042.61 MB/s" log.pkg=syncthing)
2025-12-16 21:18:20 INF Detected NAT services (count=0 log.pkg=nat)
2025-12-16 21:18:29 INF Detected NAT type (uri=quic://0.0.0.0:22000 type="Port restricted NAT" log.pkg=connections)
2025-12-16 21:18:29 INF Resolved external address (uri=quic://0.0.0.0:22000 address=quic://61.130.51.238:22000 via=stun.voipstunt.com:3478 log.pkg=connections)
2025-12-16 21:18:44 INF Joined relay (uri=relay://101.132.255.222:22067 log.pkg=relay/client)
2025-12-16 21:19:23 INF syncthing v2.0.11 "Hafnium Hornet" (go1.25.3 windows-amd64) builder@github.syncthing.net 2025-10-27 03:59:48 UTC (log.pkg=main)
2025-12-16 21:19:23 INF Calculated our device ID (device=MQ2SYQO-J6IB2HQ-GRVNNKD-GRMB6ZY-BQO3GAZ-QIFU7RD-3HTDUFY-YMYNOQB log.pkg=syncthing)
2025-12-16 21:19:23 INF Overall rate limit in use (send="is unlimited" recv="is unlimited" log.pkg=connections)
2025-12-16 21:19:23 INF Using discovery mechanism (identity="global discovery server https://discovery-lookup.syncthing.net/v2/?noannounce" log.pkg=discover)
2025-12-16 21:19:23 INF Using discovery mechanism (identity="global discovery server https://discovery-announce-v4.syncthing.net/v2/?nolookup" log.pkg=discover)
2025-12-16 21:19:23 INF Relay listener starting (id=dynamic+https://relays.syncthing.net/endpoint log.pkg=connections)
2025-12-16 21:19:23 INF Using discovery mechanism (identity="global discovery server https://discovery-announce-v6.syncthing.net/v2/?nolookup" log.pkg=discover)
2025-12-16 21:19:23 INF Using discovery mechanism (identity="IPv4 local broadcast discovery on port 21027" log.pkg=discover)
2025-12-16 21:19:23 INF Using discovery mechanism (identity="IPv6 local multicast discovery on address [ff12::8384]:21027" log.pkg=discover)
2025-12-16 21:19:23 INF GUI and API listening (address=127.0.0.1:8384 log.pkg=api)
2025-12-16 21:19:23 INF Access the GUI via the following URL: http://127.0.0.1:8384/ (log.pkg=api)
2025-12-16 21:19:23 INF Loaded configuration (name=DESKTOP-SSPBAGB log.pkg=syncthing)
2025-12-16 21:19:23 INF QUIC listener starting (address="[::]:22000" log.pkg=connections)
2025-12-16 21:19:23 INF TCP listener starting (address="[::]:22000" log.pkg=connections)
2025-12-16 21:19:23 INF Measured hashing performance (perf="2262.66 MB/s" log.pkg=syncthing)
